###############################################################################
#                                                                             #
# IAR C/C++ Compiler V8.10.3.10338/W32 for 8051         26/Aug/2015  19:20:33 #
# Copyright 2004-2011 IAR Systems AB.                                         #
#                                                                             #
#    Core               =  plain                                              #
#    Code model         =  banked                                             #
#    Data model         =  large                                              #
#    Calling convention =  xdata reentrant                                    #
#    Constant location  =  data_rom                                           #
#    Dptr setup         =  1,16                                               #
#    Source file        =  S:\zigbee\Myzigbe\version 3.0 for                  #
#                          test\Projects\zstack\AT commands\AT command 3.2    #
#                          -Body Sensor\Source\AT_ds18b20.c                   #
#    Command line       =  -f "S:\zigbee\Myzigbe\version 3.0 for              #
#                          test\Projects\zstack\AT commands\AT command 3.2    #
#                          -Body Sensor\CC2530DB\..\..\..\Tools\CC2530DB\f8wE #
#                          ndev.cfg" (-DCPU32MHZ -DROOT=__near_func           #
#                          -DMAC_CFG_TX_DATA_MAX=3 -DMAC_CFG_TX_MAX=6         #
#                          -DMAC_CFG_RX_MAX=3) -f "S:\zigbee\Myzigbe\version  #
#                          3.0 for test\Projects\zstack\AT commands\AT        #
#                          command 3.2 -Body Sensor\CC2530DB\..\..\..\Tools\C #
#                          C2530DB\f8wConfig.cfg" (-DZIGBEEPRO -DSECURE=0     #
#                          -DZG_SECURE_DYNAMIC=0 -DREFLECTOR                  #
#                          -DDEFAULT_CHANLIST=0x00000800                      #
#                          -DZDAPP_CONFIG_PAN_ID=0xFFFF                       #
#                          -DNWK_START_DELAY=100 -DEXTENDED_JOINING_RANDOM_MA #
#                          SK=0x007F -DBEACON_REQUEST_DELAY=100               #
#                          -DBEACON_REQ_DELAY_MASK=0x00FF                     #
#                          -DLINK_STATUS_JITTER_MASK=0x007F                   #
#                          -DROUTE_EXPIRY_TIME=30 -DAPSC_ACK_WAIT_DURATION_PO #
#                          LLED=3000 -DNWK_INDIRECT_MSG_TIMEOUT=7             #
#                          -DMAX_RREQ_ENTRIES=8 -DAPSC_MAX_FRAME_RETRIES=3    #
#                          -DNWK_MAX_DATA_RETRIES=2                           #
#                          -DMAX_POLL_FAILURE_RETRIES=2 -DMAX_BCAST=9         #
#                          -DAPS_MAX_GROUPS=16 -DMAX_RTG_ENTRIES=40           #
#                          -DNWK_MAX_BINDING_ENTRIES=4                        #
#                          -DMAX_BINDING_CLUSTER_IDS=4 "-DDEFAULT_KEY={0x01,  #
#                          0x03, 0x05, 0x07, 0x09, 0x0B, 0x0D, 0x0F, 0x00,    #
#                          0x02, 0x04, 0x06, 0x08, 0x0A, 0x0C, 0x0D}"         #
#                          -DMAC_MAX_FRAME_SIZE=116                           #
#                          -DZDNWKMGR_MIN_TRANSMISSIONS=20 "-DCONST=const     #
#                          __code" -DGENERIC=__generic                        #
#                          -DRFD_RCVC_ALWAYS_ON=FALSE -DPOLL_RATE=1000        #
#                          -DQUEUED_POLL_RATE=100 -DRESPONSE_POLL_RATE=100)   #
#                          -DREJOIN_POLL_RATE=440 "S:\zigbee\Myzigbe\version  #
#                          3.0 for test\Projects\zstack\AT commands\AT        #
#                          command 3.2 -Body Sensor\Source\AT_ds18b20.c" -D   #
#                          ZIGBEEPRO -D NWK_AUTO_POLL -D HAL_UART=TRUE -D     #
#                          HOLD_AUTO_START -D NV_RESTORE -D REFLECTOR -D      #
#                          HAL_UART_ISR=1 -D HAL_UART_DMA=0 -D                #
#                          xHAL_UART_ISR_TX_MAX=200 -D xPOWER_SAVING -D       #
#                          ZCL_READ -D ZCL_WRITE -D ZCL_IDENTIFY -D           #
#                          ZCL_ON_OFF -D ZCL_DISCOVER -D xZTOOL_P1 -D         #
#                          xMT_TASK -D xMT_SYS_FUNC -D xMT_ZDO_FUNC -D        #
#                          xLCD_SUPPORTED=DEBUG -D xMT_UART_DEFAULT_OVERFLOW= #
#                          FALSE -lC "S:\zigbee\Myzigbe\version 3.0 for       #
#                          test\Projects\zstack\AT commands\AT command 3.2    #
#                          -Body Sensor\CC2530DB\EndDeviceEB\List\" -lA       #
#                          "S:\zigbee\Myzigbe\version 3.0 for                 #
#                          test\Projects\zstack\AT commands\AT command 3.2    #
#                          -Body Sensor\CC2530DB\EndDeviceEB\List\"           #
#                          --diag_suppress Pe001,Pa010 -o                     #
#                          "S:\zigbee\Myzigbe\version 3.0 for                 #
#                          test\Projects\zstack\AT commands\AT command 3.2    #
#                          -Body Sensor\CC2530DB\EndDeviceEB\Obj\" -e         #
#                          --no_code_motion --debug --core=plain --dptr=16,1  #
#                          --data_model=large --code_model=banked             #
#                          --calling_convention=xdata_reentrant               #
#                          --place_constants=data_rom --nr_virtual_regs 16    #
#                          -I "S:\zigbee\Myzigbe\version 3.0 for              #
#                          test\Projects\zstack\AT commands\AT command 3.2    #
#                          -Body Sensor\CC2530DB\" -I                         #
#                          "S:\zigbee\Myzigbe\version 3.0 for                 #
#                          test\Projects\zstack\AT commands\AT command 3.2    #
#                          -Body Sensor\CC2530DB\..\Source\" -I               #
#                          "S:\zigbee\Myzigbe\version 3.0 for                 #
#                          test\Projects\zstack\AT commands\AT command 3.2    #
#                          -Body Sensor\CC2530DB\..\Source\hal\" -I           #
#                          "S:\zigbee\Myzigbe\version 3.0 for                 #
#                          test\Projects\zstack\AT commands\AT command 3.2    #
#                          -Body Sensor\CC2530DB\..\Source\Modified\" -I      #
#                          "S:\zigbee\Myzigbe\version 3.0 for                 #
#                          test\Projects\zstack\AT commands\AT command 3.2    #
#                          -Body Sensor\CC2530DB\..\..\..\ZMain\TI2530DB\"    #
#                          -I "S:\zigbee\Myzigbe\version 3.0 for              #
#                          test\Projects\zstack\AT commands\AT command 3.2    #
#                          -Body Sensor\CC2530DB\..\..\..\..\..\Components\ha #
#                          l\include\" -I "S:\zigbee\Myzigbe\version 3.0 for  #
#                          test\Projects\zstack\AT commands\AT command 3.2    #
#                          -Body Sensor\CC2530DB\..\..\..\..\..\Components\ha #
#                          l\target\CC2530EB\" -I "S:\zigbee\Myzigbe\version  #
#                          3.0 for test\Projects\zstack\AT commands\AT        #
#                          command 3.2 -Body Sensor\CC2530DB\..\..\..\..\..\C #
#                          omponents\mac\include\" -I                         #
#                          "S:\zigbee\Myzigbe\version 3.0 for                 #
#                          test\Projects\zstack\AT commands\AT command 3.2    #
#                          -Body Sensor\CC2530DB\..\..\..\..\..\Components\ma #
#                          c\high_level\" -I "S:\zigbee\Myzigbe\version 3.0   #
#                          for test\Projects\zstack\AT commands\AT command    #
#                          3.2 -Body Sensor\CC2530DB\..\..\..\..\..\Component #
#                          s\mac\low_level\srf04\" -I                         #
#                          "S:\zigbee\Myzigbe\version 3.0 for                 #
#                          test\Projects\zstack\AT commands\AT command 3.2    #
#                          -Body Sensor\CC2530DB\..\..\..\..\..\Components\ma #
#                          c\low_level\srf04\single_chip\" -I                 #
#                          "S:\zigbee\Myzigbe\version 3.0 for                 #
#                          test\Projects\zstack\AT commands\AT command 3.2    #
#                          -Body Sensor\CC2530DB\..\..\..\..\..\Components\mt #
#                          \" -I "S:\zigbee\Myzigbe\version 3.0 for           #
#                          test\Projects\zstack\AT commands\AT command 3.2    #
#                          -Body Sensor\CC2530DB\..\..\..\..\..\Components\os #
#                          al\include\" -I "S:\zigbee\Myzigbe\version 3.0     #
#                          for test\Projects\zstack\AT commands\AT command    #
#                          3.2 -Body Sensor\CC2530DB\..\..\..\..\..\Component #
#                          s\services\saddr\" -I "S:\zigbee\Myzigbe\version   #
#                          3.0 for test\Projects\zstack\AT commands\AT        #
#                          command 3.2 -Body Sensor\CC2530DB\..\..\..\..\..\C #
#                          omponents\services\sdata\" -I                      #
#                          "S:\zigbee\Myzigbe\version 3.0 for                 #
#                          test\Projects\zstack\AT commands\AT command 3.2    #
#                          -Body Sensor\CC2530DB\..\..\..\..\..\Components\st #
#                          ack\af\" -I "S:\zigbee\Myzigbe\version 3.0 for     #
#                          test\Projects\zstack\AT commands\AT command 3.2    #
#                          -Body Sensor\CC2530DB\..\..\..\..\..\Components\st #
#                          ack\nwk\" -I "S:\zigbee\Myzigbe\version 3.0 for    #
#                          test\Projects\zstack\AT commands\AT command 3.2    #
#                          -Body Sensor\CC2530DB\..\..\..\..\..\Components\st #
#                          ack\sapi\" -I "S:\zigbee\Myzigbe\version 3.0 for   #
#                          test\Projects\zstack\AT commands\AT command 3.2    #
#                          -Body Sensor\CC2530DB\..\..\..\..\..\Components\st #
#                          ack\sec\" -I "S:\zigbee\Myzigbe\version 3.0 for    #
#                          test\Projects\zstack\AT commands\AT command 3.2    #
#                          -Body Sensor\CC2530DB\..\..\..\..\..\Components\st #
#                          ack\sys\" -I "S:\zigbee\Myzigbe\version 3.0 for    #
#                          test\Projects\zstack\AT commands\AT command 3.2    #
#                          -Body Sensor\CC2530DB\..\..\..\..\..\Components\st #
#                          ack\zdo\" -I "S:\zigbee\Myzigbe\version 3.0 for    #
#                          test\Projects\zstack\AT commands\AT command 3.2    #
#                          -Body Sensor\CC2530DB\..\..\..\..\..\Components\st #
#                          ack\zcl\" -I "S:\zigbee\Myzigbe\version 3.0 for    #
#                          test\Projects\zstack\AT commands\AT command 3.2    #
#                          -Body Sensor\CC2530DB\..\..\..\..\..\Components\zm #
#                          ac\" -I "S:\zigbee\Myzigbe\version 3.0 for         #
#                          test\Projects\zstack\AT commands\AT command 3.2    #
#                          -Body Sensor\CC2530DB\..\..\..\..\..\Components\zm #
#                          ac\f8w\" -Ohz --require_prototypes                 #
#    List file          =  S:\zigbee\Myzigbe\version 3.0 for                  #
#                          test\Projects\zstack\AT commands\AT command 3.2    #
#                          -Body Sensor\CC2530DB\EndDeviceEB\List\AT_ds18b20. #
#                          lst                                                #
#    Object file        =  S:\zigbee\Myzigbe\version 3.0 for                  #
#                          test\Projects\zstack\AT commands\AT command 3.2    #
#                          -Body Sensor\CC2530DB\EndDeviceEB\Obj\AT_ds18b20.r #
#                          51                                                 #
#                                                                             #
#                                                                             #
###############################################################################

S:\zigbee\Myzigbe\version 3.0 for test\Projects\zstack\AT commands\AT command 3.2 -Body Sensor\Source\AT_ds18b20.c
      1          #include"iocc2530.h"

   \                                 In  segment SFR_AN, at 0x80
   \   union <unnamed> volatile __sfr _A_P0
   \                     _A_P0:
   \   000000                DS 1

   \                                 In  segment SFR_AN, at 0xfd
   \   unsigned char volatile __sfr P0DIR
   \                     P0DIR:
   \   000000                DS 1
      2          #include"OnBoard.h"
      3          #include "AT_ds18b20.h" 
      4          
      5          #define Ds18b20IO P0_5       //define the temperature sensor IO
      6          
      7          
      8          
      9          void Ds18b20Delay(unsigned int k);
     10          void Ds18b20InputInitial(void);
     11          void Ds18b20OutputInitial(void);
     12          unsigned char Ds18b20Initial(void);
     13          void Ds18b20Write(unsigned char infor);
     14          unsigned char Ds18b20Read(void);
     15          

   \                                 In  segment BANKED_CODE, align 1, keep-with-next
     16          void Ds18b20InputInitial(void) //set the port to input
   \                     Ds18b20InputInitial:
     17          {
   \   000000                ; Saved register size: 0
   \   000000                ; Auto size: 0
     18              P0DIR &= ~(0x01<<5);
   \   000000   53FDDF       ANL     0xfd,#0xdf
     19          }
   \   000003   02....       LJMP    ?BRET
   \   000006                REQUIRE P0DIR
     20          

   \                                 In  segment BANKED_CODE, align 1, keep-with-next
     21          void Ds18b20OutputInitial(void)//set the port to output
   \                     Ds18b20OutputInitial:
     22          {
   \   000000                ; Saved register size: 0
   \   000000                ; Auto size: 0
     23              P0DIR |= (0x01<<5);
   \   000000   43FD20       ORL     0xfd,#0x20
     24          }
   \   000003   02....       LJMP    ?BRET
   \   000006                REQUIRE P0DIR
     25          
     26          //Clock is 32M, should be adjusted according to different MCU

   \                                 In  segment BANKED_CODE, align 1, keep-with-next
     27          void Ds18b20Delay(unsigned int k)
   \                     Ds18b20Delay:
     28          {
   \   000000                ; Saved register size: 0
   \   000000                ; Auto size: 0
   \   000000   8009         SJMP    ??Ds18b20Delay_0
     29            while (k--)
     30            {
     31              asm("NOP");
   \                     ??Ds18b20Delay_1:
   \   000002   00           NOP
     32              asm("NOP");
   \   000003   00           NOP
     33              asm("NOP");
   \   000004   00           NOP
     34              asm("NOP");
   \   000005   00           NOP
     35              asm("NOP");
   \   000006   00           NOP
     36              asm("NOP");
   \   000007   00           NOP
     37              asm("NOP");
   \   000008   00           NOP
     38              asm("NOP"); 
   \   000009   00           NOP
     39              asm("NOP");  
   \   00000A   00           NOP
     40            }
   \                     ??Ds18b20Delay_0:
   \   00000B   EA           MOV     A,R2
   \   00000C   F8           MOV     R0,A
   \   00000D   EB           MOV     A,R3
   \   00000E   F9           MOV     R1,A
   \   00000F   E8           MOV     A,R0
   \   000010   24FF         ADD     A,#-0x1
   \   000012   1A           DEC     R2
   \   000013   E9           MOV     A,R1
   \   000014   34FF         ADDC    A,#-0x1
   \   000016   FB           MOV     R3,A
   \   000017   E8           MOV     A,R0
   \   000018   49           ORL     A,R1
   \   000019   70E7         JNZ     ??Ds18b20Delay_1
     41          }
   \   00001B   02....       LJMP    ?BRET
     42          
     43          
     44          
     45          //initilize ds18b20  return: succeed 0x00£¬fail 0x01

   \                                 In  segment BANKED_CODE, align 1, keep-with-next
     46          unsigned char Ds18b20Initial(void)
   \                     Ds18b20Initial:
     47          {
   \   000000   74F6         MOV     A,#-0xa
   \   000002   12....       LCALL   ?BANKED_ENTER_XDATA
   \   000005                ; Saved register size: 10
   \   000005                ; Auto size: 0
     48              unsigned char Status = 0x00;
   \   000005   75..00       MOV     ?V0 + 0,#0x0
     49              unsigned int CONT_1 = 0;
   \   000008   7E00         MOV     R6,#0x0
   \   00000A   7F00         MOV     R7,#0x0
     50              unsigned char Flag_1 = 1;
   \   00000C   75..01       MOV     ?V0 + 1,#0x1
     51              Ds18b20OutputInitial();
   \   00000F   43FD20       ORL     0xfd,#0x20
     52              Ds18b20IO = 1;      
   \   000012   D285         SETB    0x80.5
     53              Ds18b20Delay(260); 
   \   000014                ; Setup parameters for call to function Ds18b20Delay
   \   000014   7A04         MOV     R2,#0x4
   \   000016   7B01         MOV     R3,#0x1
   \   000018   12....       LCALL   ??Ds18b20Delay?relay
     54              Ds18b20IO = 0;    
   \   00001B   C285         CLR     0x80.5
     55              Ds18b20Delay(750);  //precise  between 480us and 960us
   \   00001D                ; Setup parameters for call to function Ds18b20Delay
   \   00001D   7AEE         MOV     R2,#-0x12
   \   00001F   7B02         MOV     R3,#0x2
   \   000021   12....       LCALL   ??Subroutine4_0 & 0xFFFF
     56              Ds18b20IO = 1;   
     57              Ds18b20InputInitial();//set IO as input
   \                     ??CrossCallReturnLabel_5:
   \   000024   53FDDF       ANL     0xfd,#0xdf
   \   000027   8021         SJMP    ??Ds18b20Initial_0
     58              while((Ds18b20IO != 0)&&(Flag_1 == 1))//waitting for the response of ds18b20 and avoid excessively delay
     59              {                                      //waitting for about 60ms
     60                  CONT_1++;
   \                     ??Ds18b20Initial_1:
   \   000029   EE           MOV     A,R6
   \   00002A   2401         ADD     A,#0x1
   \   00002C   0E           INC     R6
   \   00002D   EF           MOV     A,R7
   \   00002E   3400         ADDC    A,#0x0
   \   000030   FF           MOV     R7,A
     61                  Ds18b20Delay(10);
   \   000031                ; Setup parameters for call to function Ds18b20Delay
   \   000031   7A0A         MOV     R2,#0xa
   \   000033   7B00         MOV     R3,#0x0
   \   000035   12....       LCALL   ??Ds18b20Delay?relay
     62                  if(CONT_1 > 8000)Flag_1 = 0;
   \   000038   C3           CLR     C
   \   000039   EE           MOV     A,R6
   \   00003A   9441         SUBB    A,#0x41
   \   00003C   EF           MOV     A,R7
   \   00003D   941F         SUBB    A,#0x1f
   \   00003F   4003         JC      ??Ds18b20Initial_2
   \   000041   75..00       MOV     ?V0 + 1,#0x0
     63                  Status = Ds18b20IO;
   \                     ??Ds18b20Initial_2:
   \   000044   A285         MOV     C,0x80.5
   \   000046   E4           CLR     A
   \   000047   33           RLC     A
   \   000048   F5..         MOV     ?V0 + 0,A
     64              }
   \                     ??Ds18b20Initial_0:
   \   00004A   A285         MOV     C,0x80.5
   \   00004C   5006         JNC     ??Ds18b20Initial_3
   \   00004E   E5..         MOV     A,?V0 + 1
   \   000050   A2E0         MOV     C,0xE0 /* A   */.0
   \   000052   40D5         JC      ??Ds18b20Initial_1
     65              Ds18b20OutputInitial();
   \                     ??Ds18b20Initial_3:
   \   000054   43FD20       ORL     0xfd,#0x20
     66              Ds18b20IO = 1;
   \   000057   D285         SETB    0x80.5
     67              Ds18b20Delay(100);
   \   000059                ; Setup parameters for call to function Ds18b20Delay
   \   000059   7A64         MOV     R2,#0x64
   \   00005B   7B00         MOV     R3,#0x0
   \   00005D   12....       LCALL   ??Ds18b20Delay?relay
     68              return Status;    
   \   000060   A9..         MOV     R1,?V0 + 0
   \   000062                REQUIRE ?Subroutine0
   \   000062                REQUIRE _A_P0
   \   000062                REQUIRE P0DIR
   \   000062                ; // Fall through to label ?Subroutine0
     69          }

   \                                 In  segment BANKED_CODE, align 1, keep-with-next
   \                     ?Subroutine0:
   \   000000   7F02         MOV     R7,#0x2
   \   000002   02....       LJMP    ?BANKED_LEAVE_XDATA

   \                                 In  segment BANKED_CODE, align 1, keep-with-next
   \                     ??Subroutine4_0:
   \   000000   12....       LCALL   ??Ds18b20Delay?relay
   \   000003   D285         SETB    0x80.5
   \   000005   22           RET
     70          

   \                                 In  segment BANKED_CODE, align 1, keep-with-next
     71          void Ds18b20Write(unsigned char infor)
   \                     Ds18b20Write:
     72          {
   \   000000   74F7         MOV     A,#-0x9
   \   000002   12....       LCALL   ?BANKED_ENTER_XDATA
   \   000005                ; Saved register size: 9
   \   000005                ; Auto size: 0
   \   000005   E9           MOV     A,R1
   \   000006   FF           MOV     R7,A
     73              unsigned int i;
     74              Ds18b20OutputInitial();
   \   000007   43FD20       ORL     0xfd,#0x20
     75              for(i=0;i<8;i++)
   \   00000A   7E08         MOV     R6,#0x8
     76              {
     77                  if((infor & 0x01))
   \                     ??Ds18b20Write_0:
   \   00000C   EF           MOV     A,R7
   \   00000D   A2E0         MOV     C,0xE0 /* A   */.0
   \   00000F   C285         CLR     0x80.5
   \   000011   5009         JNC     ??Ds18b20Write_1
     78                  {
     79                      Ds18b20IO = 0;
     80                      Ds18b20Delay(6);
   \   000013                ; Setup parameters for call to function Ds18b20Delay
   \   000013   7A06         MOV     R2,#0x6
   \   000015   12....       LCALL   ?Subroutine2 & 0xFFFF
     81                      Ds18b20IO = 1;
     82                      Ds18b20Delay(50);
   \                     ??CrossCallReturnLabel_2:
   \   000018                ; Setup parameters for call to function Ds18b20Delay
   \   000018   7A32         MOV     R2,#0x32
   \   00001A   8007         SJMP    ??Ds18b20Write_2
     83                  }
     84                  else
     85                  {
     86                      Ds18b20IO = 0;
     87                      Ds18b20Delay(50);
   \                     ??Ds18b20Write_1:
   \   00001C                ; Setup parameters for call to function Ds18b20Delay
   \   00001C   7A32         MOV     R2,#0x32
   \   00001E   12....       LCALL   ?Subroutine2 & 0xFFFF
     88                      Ds18b20IO = 1;
     89                      Ds18b20Delay(6);
   \                     ??CrossCallReturnLabel_3:
   \   000021                ; Setup parameters for call to function Ds18b20Delay
   \   000021   7A06         MOV     R2,#0x6
   \                     ??Ds18b20Write_2:
   \   000023   7B00         MOV     R3,#0x0
   \   000025   12....       LCALL   ??Ds18b20Delay?relay
     90                  }
     91                  infor >>= 1;
   \   000028   EF           MOV     A,R7
   \   000029   C3           CLR     C
   \   00002A   13           RRC     A
   \   00002B   FF           MOV     R7,A
     92              }
   \   00002C   1E           DEC     R6
   \   00002D   EE           MOV     A,R6
   \   00002E   70DC         JNZ     ??Ds18b20Write_0
     93          }
   \   000030                REQUIRE ?Subroutine1
   \   000030                REQUIRE _A_P0
   \   000030                REQUIRE P0DIR
   \   000030                ; // Fall through to label ?Subroutine1

   \                                 In  segment BANKED_CODE, align 1, keep-with-next
   \                     ?Subroutine1:
   \   000000   7F01         MOV     R7,#0x1
   \   000002   02....       LJMP    ?BANKED_LEAVE_XDATA

   \                                 In  segment BANKED_CODE, align 1, keep-with-next
   \                     ?Subroutine2:
   \   000000   7B00         MOV     R3,#0x0
   \   000002                REQUIRE ??Subroutine4_0
   \   000002                ; // Fall through to label ??Subroutine4_0
     94          
     95          

   \                                 In  segment BANKED_CODE, align 1, keep-with-next
     96          unsigned char Ds18b20Read(void)
   \                     Ds18b20Read:
     97          {
   \   000000   74F7         MOV     A,#-0x9
   \   000002   12....       LCALL   ?BANKED_ENTER_XDATA
   \   000005                ; Saved register size: 9
   \   000005                ; Auto size: 0
     98              unsigned char Value = 0x00;
   \   000005   7E00         MOV     R6,#0x0
     99              unsigned int i;
    100              Ds18b20OutputInitial();
   \   000007   43FD20       ORL     0xfd,#0x20
    101              Ds18b20IO = 1;
   \   00000A   D285         SETB    0x80.5
    102              Ds18b20Delay(10);
   \   00000C                ; Setup parameters for call to function Ds18b20Delay
   \   00000C   7A0A         MOV     R2,#0xa
   \   00000E   7B00         MOV     R3,#0x0
   \   000010   12....       LCALL   ??Ds18b20Delay?relay
    103              for(i=0;i<8;i++)
   \   000013   7F08         MOV     R7,#0x8
    104              {
    105                  Value >>= 1; 
   \                     ??Ds18b20Read_0:
   \   000015   EE           MOV     A,R6
   \   000016   C3           CLR     C
   \   000017   13           RRC     A
   \   000018   FE           MOV     R6,A
    106                  Ds18b20OutputInitial();
   \   000019   43FD20       ORL     0xfd,#0x20
    107                  Ds18b20IO = 0;
   \   00001C   C285         CLR     0x80.5
    108                  Ds18b20Delay(3);
   \   00001E                ; Setup parameters for call to function Ds18b20Delay
   \   00001E   7A03         MOV     R2,#0x3
   \   000020   12....       LCALL   ?Subroutine2 & 0xFFFF
    109                  Ds18b20IO = 1;
    110                  Ds18b20Delay(3);
   \                     ??CrossCallReturnLabel_4:
   \   000023                ; Setup parameters for call to function Ds18b20Delay
   \   000023   7A03         MOV     R2,#0x3
   \   000025   7B00         MOV     R3,#0x0
   \   000027   12....       LCALL   ??Ds18b20Delay?relay
    111                  Ds18b20InputInitial();
   \   00002A   53FDDF       ANL     0xfd,#0xdf
    112                  if(Ds18b20IO == 1) Value |= 0x80;
   \   00002D   A285         MOV     C,0x80.5
   \   00002F   5004         JNC     ??Ds18b20Read_1
   \   000031   EE           MOV     A,R6
   \   000032   D2E7         SETB    0xE0 /* A   */.7
   \   000034   FE           MOV     R6,A
    113                  Ds18b20Delay(15);
   \                     ??Ds18b20Read_1:
   \   000035                ; Setup parameters for call to function Ds18b20Delay
   \   000035   7A0F         MOV     R2,#0xf
   \   000037   7B00         MOV     R3,#0x0
   \   000039   12....       LCALL   ??Ds18b20Delay?relay
    114              } 
   \   00003C   1F           DEC     R7
   \   00003D   EF           MOV     A,R7
   \   00003E   70D5         JNZ     ??Ds18b20Read_0
    115              return Value;
   \   000040   EE           MOV     A,R6
   \   000041   F9           MOV     R1,A
   \   000042   80..         SJMP    ?Subroutine1
   \   000044                REQUIRE _A_P0
   \   000044                REQUIRE P0DIR
    116          }
    117          
    118          //read temperature

   \                                 In  segment BANKED_CODE, align 1, keep-with-next
    119          unsigned short ReadDs18B20(void){
   \                     ReadDs18B20:
   \   000000   74F6         MOV     A,#-0xa
   \   000002   12....       LCALL   ?BANKED_ENTER_XDATA
   \   000005                ; Saved register size: 10
   \   000005                ; Auto size: 0
    120              unsigned char V1,V2;   //two 8-bit buffers 
    121              
    122              Ds18b20Initial();
   \   000005                ; Setup parameters for call to function Ds18b20Initial
   \   000005   12....       LCALL   ?Subroutine3 & 0xFFFF
    123              Ds18b20Write(0xcc);    // omit the serial numberr
    124              Ds18b20Write(0x44);    // start measuring temperatrure
   \                     ??CrossCallReturnLabel_0:
   \   000008                ; Setup parameters for call to function Ds18b20Write
   \   000008   7944         MOV     R1,#0x44
   \   00000A   12....       LCALL   ??Ds18b20Write?relay
    125              
    126              Ds18b20Initial();
   \   00000D                ; Setup parameters for call to function Ds18b20Initial
   \   00000D   12....       LCALL   ?Subroutine3 & 0xFFFF
    127              Ds18b20Write(0xcc);    //omit the serial number
    128              Ds18b20Write(0xbe);    //read temperature registers. 9 of them are available. the first two registers records the temperature
   \                     ??CrossCallReturnLabel_1:
   \   000010                ; Setup parameters for call to function Ds18b20Write
   \   000010   79BE         MOV     R1,#-0x42
   \   000012   12....       LCALL   ??Ds18b20Write?relay
    129              
    130              V1 = Ds18b20Read();    //low bits
   \   000015                ; Setup parameters for call to function Ds18b20Read
   \   000015   12....       LCALL   ??Ds18b20Read?relay
   \   000018   E9           MOV     A,R1
   \   000019   F5..         MOV     ?V0 + 0,A
    131              V2 = Ds18b20Read();    //hight bits
    132          
    133              return V2 <<8 | V1;
   \   00001B                ; Setup parameters for call to function Ds18b20Read
   \   00001B   12....       LCALL   ??Ds18b20Read?relay
   \   00001E   AA..         MOV     R2,?V0 + 0
   \   000020   E9           MOV     A,R1
   \   000021   FB           MOV     R3,A
   \   000022   02....       LJMP    ?Subroutine0 & 0xFFFF
    134          }

   \                                 In  segment BANKED_CODE, align 1, keep-with-next
   \                     ?Subroutine3:
   \   000000   12....       LCALL   ??Ds18b20Initial?relay
   \   000003                ; Setup parameters for call to function Ds18b20Write
   \   000003                ; Setup parameters for call to function Ds18b20Write
   \   000003   79CC         MOV     R1,#-0x34
   \   000005   12....       LCALL   ??Ds18b20Write?relay
   \   000008   22           RET

   \                                 In  segment BANK_RELAYS, align 1
   \                     ??Ds18b20InputInitial?relay:
   \   000000   12....       LCALL   ?BDISPATCH
   \   000003   ......       DC24    Ds18b20InputInitial

   \                                 In  segment BANK_RELAYS, align 1
   \                     ??Ds18b20OutputInitial?relay:
   \   000000   12....       LCALL   ?BDISPATCH
   \   000003   ......       DC24    Ds18b20OutputInitial

   \                                 In  segment BANK_RELAYS, align 1
   \                     ??Ds18b20Delay?relay:
   \   000000   12....       LCALL   ?BDISPATCH
   \   000003   ......       DC24    Ds18b20Delay

   \                                 In  segment BANK_RELAYS, align 1
   \                     ??Ds18b20Initial?relay:
   \   000000   12....       LCALL   ?BDISPATCH
   \   000003   ......       DC24    Ds18b20Initial

   \                                 In  segment BANK_RELAYS, align 1
   \                     ??Ds18b20Write?relay:
   \   000000   12....       LCALL   ?BDISPATCH
   \   000003   ......       DC24    Ds18b20Write

   \                                 In  segment BANK_RELAYS, align 1
   \                     ??Ds18b20Read?relay:
   \   000000   12....       LCALL   ?BDISPATCH
   \   000003   ......       DC24    Ds18b20Read

   \                                 In  segment BANK_RELAYS, align 1
   \                     ??ReadDs18B20?relay:
   \   000000   12....       LCALL   ?BDISPATCH
   \   000003   ......       DC24    ReadDs18B20
    135          

   Maximum stack usage in bytes:

     Function             ISTACK PSTACK XSTACK
     --------             ------ ------ ------
     Ds18b20Delay             0      0     10
     Ds18b20Initial           0      0     20
       -> Ds18b20Delay        0      0     20
       -> Ds18b20Delay        0      0     20
       -> Ds18b20Delay        0      0     20
       -> Ds18b20Delay        0      0     20
     Ds18b20InputInitial      0      0      0
     Ds18b20OutputInitial     0      0      0
     Ds18b20Read              0      0     19
       -> Ds18b20Delay        0      0     18
       -> Ds18b20Delay        0      0     18
       -> Ds18b20Delay        0      0     18
       -> Ds18b20Delay        0      0     18
     Ds18b20Write             0      0     19
       -> Ds18b20Delay        0      0     18
       -> Ds18b20Delay        0      0     18
       -> Ds18b20Delay        0      0     18
       -> Ds18b20Delay        0      0     18
     ReadDs18B20              0      0     10
       -> Ds18b20Initial      0      0     20
       -> Ds18b20Write        0      0     20
       -> Ds18b20Write        0      0     20
       -> Ds18b20Initial      0      0     20
       -> Ds18b20Write        0      0     20
       -> Ds18b20Write        0      0     20
       -> Ds18b20Read         0      0     20
       -> Ds18b20Read         0      0     20


   Segment part sizes:

     Function/Label               Bytes
     --------------               -----
     _A_P0                           1
     P0DIR                           1
     Ds18b20InputInitial             6
     Ds18b20OutputInitial            6
     Ds18b20Delay                   30
     Ds18b20Initial                 98
     ?Subroutine0                    5
     ??Subroutine4_0                 6
     Ds18b20Write                   48
     ?Subroutine1                    5
     ?Subroutine2                    2
     Ds18b20Read                    68
     ReadDs18B20                    37
     ?Subroutine3                    9
     ??Ds18b20InputInitial?relay     6
     ??Ds18b20OutputInitial?relay    6
     ??Ds18b20Delay?relay            6
     ??Ds18b20Initial?relay          6
     ??Ds18b20Write?relay            6
     ??Ds18b20Read?relay             6
     ??ReadDs18B20?relay             6

 
 320 bytes in segment BANKED_CODE
  42 bytes in segment BANK_RELAYS
   2 bytes in segment SFR_AN
 
 362 bytes of CODE memory
   0 bytes of DATA memory (+ 2 bytes shared)

Errors: none
Warnings: none
